// Jest Snapshot v1, https://goo.gl/fbAQLP

exports[`Card component Card snapshot 1`] = `
Object {
  "asFragment": [Function],
  "baseElement": <body>
    <div>
      <div
        class="Card-container"
      >
        <div
          class="Card-header"
        >
          <div
            class="Card-title"
          />
          <div
            class="Card-logo__container"
          >
            <img
              alt="Brand"
              class="Card-logo"
              src=""
            />
          </div>
        </div>
        <div
          class="Card-content__container"
        >
          <div
            class="Card-image-container"
          >
            <img
              alt="Smartphone"
              class="Card-image"
              src=""
            />
          </div>
          <div
            class="Card-main-content"
          >
            <div
              class="Card-review__container"
            >
              <div
                class="Card-review"
              >
                <div
                  class="Card-review-text"
                >
                  Expert review
                </div>
                <div
                  class="Card-review-base"
                />
              </div>
              <div
                class="Card-rating__container"
              >
                <div
                  class="Card-rating"
                />
                <div
                  class="Card-rating-text"
                >
                  from 5
                </div>
              </div>
            </div>
            <div
              class="Card-description__container"
            >
              <div
                class="Card-description"
              >
                <ul />
              </div>
            </div>
          </div>
          <div
            class="Card-price__container"
          >
            <div
              class="Card-price"
            />
            <div
              class="Card-stock"
            />
            <div
              class="Card-dispatch"
            />
          </div>
        </div>
        <hr
          class="Card-line"
        />
      </div>
    </div>
  </body>,
  "container": <div>
    <div
      class="Card-container"
    >
      <div
        class="Card-header"
      >
        <div
          class="Card-title"
        />
        <div
          class="Card-logo__container"
        >
          <img
            alt="Brand"
            class="Card-logo"
            src=""
          />
        </div>
      </div>
      <div
        class="Card-content__container"
      >
        <div
          class="Card-image-container"
        >
          <img
            alt="Smartphone"
            class="Card-image"
            src=""
          />
        </div>
        <div
          class="Card-main-content"
        >
          <div
            class="Card-review__container"
          >
            <div
              class="Card-review"
            >
              <div
                class="Card-review-text"
              >
                Expert review
              </div>
              <div
                class="Card-review-base"
              />
            </div>
            <div
              class="Card-rating__container"
            >
              <div
                class="Card-rating"
              />
              <div
                class="Card-rating-text"
              >
                from 5
              </div>
            </div>
          </div>
          <div
            class="Card-description__container"
          >
            <div
              class="Card-description"
            >
              <ul />
            </div>
          </div>
        </div>
        <div
          class="Card-price__container"
        >
          <div
            class="Card-price"
          />
          <div
            class="Card-stock"
          />
          <div
            class="Card-dispatch"
          />
        </div>
      </div>
      <hr
        class="Card-line"
      />
    </div>
  </div>,
  "debug": [Function],
  "findAllByAltText": [Function],
  "findAllByDisplayValue": [Function],
  "findAllByLabelText": [Function],
  "findAllByPlaceholderText": [Function],
  "findAllByRole": [Function],
  "findAllByTestId": [Function],
  "findAllByText": [Function],
  "findAllByTitle": [Function],
  "findByAltText": [Function],
  "findByDisplayValue": [Function],
  "findByLabelText": [Function],
  "findByPlaceholderText": [Function],
  "findByRole": [Function],
  "findByTestId": [Function],
  "findByText": [Function],
  "findByTitle": [Function],
  "getAllByAltText": [Function],
  "getAllByDisplayValue": [Function],
  "getAllByLabelText": [Function],
  "getAllByPlaceholderText": [Function],
  "getAllByRole": [Function],
  "getAllByTestId": [Function],
  "getAllByText": [Function],
  "getAllByTitle": [Function],
  "getByAltText": [Function],
  "getByDisplayValue": [Function],
  "getByLabelText": [Function],
  "getByPlaceholderText": [Function],
  "getByRole": [Function],
  "getByTestId": [Function],
  "getByText": [Function],
  "getByTitle": [Function],
  "queryAllByAltText": [Function],
  "queryAllByDisplayValue": [Function],
  "queryAllByLabelText": [Function],
  "queryAllByPlaceholderText": [Function],
  "queryAllByRole": [Function],
  "queryAllByTestId": [Function],
  "queryAllByText": [Function],
  "queryAllByTitle": [Function],
  "queryByAltText": [Function],
  "queryByDisplayValue": [Function],
  "queryByLabelText": [Function],
  "queryByPlaceholderText": [Function],
  "queryByRole": [Function],
  "queryByTestId": [Function],
  "queryByText": [Function],
  "queryByTitle": [Function],
  "rerender": [Function],
  "unmount": [Function],
}
`;
